{"ssr":{"enabled":false,"url":"http:\/\/127.0.0.1:13714\/render"},"testing":{"ensure_pages_exist":true,"page_paths":["\/Users\/julian\/Development\/projects\/navigare\/packages\/laravel\/vendor\/orchestra\/testbench-core\/laravel\/resources\/js\/pages"],"page_extensions":["js","jsx","svelte","ts","tsx","vue"]},"types":{"path":"\/Users\/julian\/Development\/projects\/navigare\/packages\/laravel\/vendor\/orchestra\/testbench-core\/laravel\/resources\/js\/navigare.d.ts"}}